                                        BONUS  REPORT       PAGE 01   07/24/2013          TERRITORY -- 01

                    OFFICE -- 01

          EMPLOYEE NAME       BONUS

          ADAMSON             $ 4,000.00
                                        BONUS  REPORT       PAGE 02   07/24/2013          TERRITORY -- 01

                    OFFICE -- 01

          EMPLOYEE NAME       BONUS

          TERRITORY -- 01


          BAKER
                                        BONUS  REPORT       PAGE 03   07/24/2013          TERRITORY -- 01

                    OFFICE -- 01

          EMPLOYEE NAME       BONUS

          TERRITORY -- 01


          CARTWELL
                                        BONUS  REPORT       PAGE 04   07/24/2013          TERRITORY -- 01

                    OFFICE -- 01

          EMPLOYEE NAME       BONUS

          TERRITORY -- 01


          DORSEY              $ 4,500.00
                                        BONUS  REPORT       PAGE 05   07/24/2013          TERRITORY -- 01

                    OFFICE -- 01

          EMPLOYEE NAME       BONUS

          TERRITORY -- 01


          HAMMOND
                                        BONUS  REPORT       PAGE 06   07/24/2013          TERRITORY -- 01

                    OFFICE -- 01

          EMPLOYEE NAME       BONUS

          TERRITORY -- 01


          NOLTE               $ 4,500.00
                                        BONUS  REPORT       PAGE 07   07/24/2013          TERRITORY -- 01

                    OFFICE -- 01

          EMPLOYEE NAME       BONUS

          TERRITORY -- 01


          REDFORD
                                        BONUS  REPORT       PAGE 08   07/24/2013          TERRITORY -- 01

                    OFFICE -- 01

          EMPLOYEE NAME       BONUS

          TERRITORY -- 01


          JOHNKE              $ 5,500.00
                                        BONUS  REPORT       PAGE 09   07/24/2013          TERRITORY -- 01

                    OFFICE -- 01

          EMPLOYEE NAME       BONUS

          TERRITORY -- 01


          WHITE
                                        BONUS  REPORT       PAGE 10   07/24/2013          TERRITORY -- 01

                    OFFICE -- 01

          EMPLOYEE NAME       BONUS

          TERRITORY -- 01


          MARSHALL
                                        BONUS  REPORT       PAGE 11   07/24/2013          TERRITORY -- 01

                    OFFICE -- 01

          EMPLOYEE NAME       BONUS

          TERRITORY -- 01


          EISEN
                                        BONUS  REPORT       PAGE 12   07/24/2013          TERRITORY -- 01

                    OFFICE -- 01

          EMPLOYEE NAME       BONUS

          TERRITORY -- 01


          SAGER
                                        BONUS  REPORT       PAGE 13   07/24/2013          TERRITORY -- 01

                    OFFICE -- 01

          EMPLOYEE NAME       BONUS

          TERRITORY -- 01


          STERN
                                        BONUS  REPORT       PAGE 14   07/24/2013          TERRITORY -- 01

                    OFFICE -- 01

          EMPLOYEE NAME       BONUS

          TERRITORY -- 01


          SUMMERS
                                        BONUS  REPORT       PAGE 15   07/24/2013          TERRITORY -- 01

                    OFFICE -- 01

          EMPLOYEE NAME       BONUS

          TERRITORY -- 01


          JONES
                                        BONUS  REPORT       PAGE 16   07/24/2013          TERRITORY -- 01

                    OFFICE -- 01

          EMPLOYEE NAME       BONUS

          TERRITORY -- 01


          JOHNSON
                                        BONUS  REPORT       PAGE 17   07/24/2013          TERRITORY -- 01

                    OFFICE -- 01

          EMPLOYEE NAME       BONUS

          TERRITORY -- 01


          NOLAN               $ 4,475.00
                                        BONUS  REPORT       PAGE 18   07/24/2013          TERRITORY -- 01

                    OFFICE -- 01

          EMPLOYEE NAME       BONUS

          TERRITORY -- 01


          CANTWELL            $ 6,825.00
                                        BONUS  REPORT       PAGE 19   07/24/2013          TERRITORY -- 01

                    OFFICE -- 01

          EMPLOYEE NAME       BONUS

          TERRITORY -- 01


          SMITH               $ 7,500.00
                                        BONUS  REPORT       PAGE 20   07/24/2013          TERRITORY -- 01

                    OFFICE -- 01

          EMPLOYEE NAME       BONUS

          TERRITORY -- 01


          HAMMEL              $ 5,910.00
                                        BONUS  REPORT       PAGE 21   07/24/2013          TERRITORY -- 01

                    OFFICE -- 01

          EMPLOYEE NAME       BONUS

          TERRITORY -- 01


                                        BONUS  REPORT       PAGE 22   07/24/2013          TERRITORY -- 01

                    OFFICE -- 01

          EMPLOYEE NAME       BONUS

          TERRITORY -- 01

          RAMIREZ
                                        BONUS  REPORT       PAGE 23   07/24/2013          TERRITORY -- 01

                    OFFICE -- 01

          EMPLOYEE NAME       BONUS

          TERRITORY -- 01


                                        BONUS  REPORT       PAGE 24   07/24/2013          TERRITORY -- 01

                    OFFICE -- 01

          EMPLOYEE NAME       BONUS

          TERRITORY -- 01

          WASHINGTON
                                        BONUS  REPORT       PAGE 25   07/24/2013          TERRITORY -- 01

                    OFFICE -- 01

          EMPLOYEE NAME       BONUS

          TERRITORY -- 01


                                        BONUS  REPORT       PAGE 26   07/24/2013          TERRITORY -- 01

                    OFFICE -- 01

          EMPLOYEE NAME       BONUS

          TERRITORY -- 01

          JAMES
                                        BONUS  REPORT       PAGE 27   07/24/2013          TERRITORY -- 01

                    OFFICE -- 01

          EMPLOYEE NAME       BONUS

          TERRITORY -- 01


                                        BONUS  REPORT       PAGE 28   07/24/2013          TERRITORY -- 01

                    OFFICE -- 01

          EMPLOYEE NAME       BONUS

          TERRITORY -- 01

          LYONS
                                        BONUS  REPORT       PAGE 29   07/24/2013          TERRITORY -- 01

                    OFFICE -- 01

          EMPLOYEE NAME       BONUS

          TERRITORY -- 01


                                        BONUS  REPORT       PAGE 30   07/24/2013          TERRITORY -- 01

                    OFFICE -- 01

          EMPLOYEE NAME       BONUS

          TERRITORY -- 01

          GREGORY
                                        BONUS  REPORT       PAGE 31   07/24/2013          TERRITORY -- 01

                    OFFICE -- 01

          EMPLOYEE NAME       BONUS

          TERRITORY -- 01


                                        BONUS  REPORT       PAGE 32   07/24/2013          TERRITORY -- 01

                    OFFICE -- 01

          EMPLOYEE NAME       BONUS

          TERRITORY -- 01

          LINCOLN
                                        BONUS  REPORT       PAGE 33   07/24/2013          TERRITORY -- 01

                    OFFICE -- 01

          EMPLOYEE NAME       BONUS

          TERRITORY -- 01


                                        BONUS  REPORT       PAGE 34   07/24/2013          TERRITORY -- 01

                    OFFICE -- 01

          EMPLOYEE NAME       BONUS

          TERRITORY -- 01

          NEWMAN
                                        BONUS  REPORT       PAGE 35   07/24/2013          TERRITORY -- 01

                    OFFICE -- 01

          EMPLOYEE NAME       BONUS

          TERRITORY -- 01


                                        BONUS  REPORT       PAGE 36   07/24/2013          TERRITORY -- 01

                    OFFICE -- 01

          EMPLOYEE NAME       BONUS

          TERRITORY -- 01

          CARTWELL
                                        BONUS  REPORT       PAGE 37   07/24/2013          TERRITORY -- 01

                    OFFICE -- 01

          EMPLOYEE NAME       BONUS

          TERRITORY -- 01


                                        BONUS  REPORT       PAGE 38   07/24/2013          TERRITORY -- 01

                    OFFICE -- 01

          EMPLOYEE NAME       BONUS

          TERRITORY -- 01

          DREYFUS
                                        BONUS  REPORT       PAGE 39   07/24/2013          TERRITORY -- 01

                    OFFICE -- 01

          EMPLOYEE NAME       BONUS

          TERRITORY -- 01


                                        BONUS  REPORT       PAGE 40   07/24/2013          TERRITORY -- 01

                    OFFICE -- 01

          EMPLOYEE NAME       BONUS

          TERRITORY -- 01

          LOPEZ
                                        BONUS  REPORT       PAGE 41   07/24/2013          TERRITORY -- 01

                    OFFICE -- 01

          EMPLOYEE NAME       BONUS

          TERRITORY -- 01


                                        BONUS  REPORT       PAGE 42   07/24/2013          TERRITORY -- 01

                    OFFICE -- 01

          EMPLOYEE NAME       BONUS

          TERRITORY -- 01

          FRANKLIN
                                        BONUS  REPORT       PAGE 43   07/24/2013          TERRITORY -- 01

                    OFFICE -- 01

          EMPLOYEE NAME       BONUS

          TERRITORY -- 01


                                        BONUS  REPORT       PAGE 44   07/24/2013          TERRITORY -- 01

                    OFFICE -- 01

          EMPLOYEE NAME       BONUS

          TERRITORY -- 01

          FORTE
                                        BONUS  REPORT       PAGE 45   07/24/2013          TERRITORY -- 01

                    OFFICE -- 01

          EMPLOYEE NAME       BONUS

          TERRITORY -- 01


                                        BONUS  REPORT       PAGE 46   07/24/2013          TERRITORY -- 01

                    OFFICE -- 01

          EMPLOYEE NAME       BONUS

          TERRITORY -- 01

          BYRON               $ 5,560.10
                                        BONUS  REPORT       PAGE 47   07/24/2013          TERRITORY -- 01

                    OFFICE -- 01

          EMPLOYEE NAME       BONUS

          TERRITORY -- 01


                                        BONUS  REPORT       PAGE 48   07/24/2013          TERRITORY -- 01

                    OFFICE -- 01

          EMPLOYEE NAME       BONUS

          TERRITORY -- 01

          KEATS
                                        BONUS  REPORT       PAGE 49   07/24/2013          TERRITORY -- 01

                    OFFICE -- 01

          EMPLOYEE NAME       BONUS

          TERRITORY -- 01


                                        BONUS  REPORT       PAGE 50   07/24/2013          TERRITORY -- 01

                    OFFICE -- 01

          EMPLOYEE NAME       BONUS

          TERRITORY -- 01

          SOMTER              $ 7,161.30
                                        BONUS  REPORT       PAGE 51   07/24/2013          TERRITORY -- 01

                    OFFICE -- 01

          EMPLOYEE NAME       BONUS

          TERRITORY -- 01


                                        BONUS  REPORT       PAGE 52   07/24/2013          TERRITORY -- 01

                    OFFICE -- 01

          EMPLOYEE NAME       BONUS

          TERRITORY -- 01

          PITERIS             $ 4,500.00
                                        BONUS  REPORT       PAGE 53   07/24/2013          TERRITORY -- 01

                    OFFICE -- 01

          EMPLOYEE NAME       BONUS

          TERRITORY -- 01


                                        BONUS  REPORT       PAGE 54   07/24/2013          TERRITORY -- 01

                    OFFICE -- 01

          EMPLOYEE NAME       BONUS

          TERRITORY -- 01

          SIMOS
                                        BONUS  REPORT       PAGE 55   07/24/2013          TERRITORY -- 01

                    OFFICE -- 01

          EMPLOYEE NAME       BONUS

          TERRITORY -- 01


                                        BONUS  REPORT       PAGE 56   07/24/2013          TERRITORY -- 01

                    OFFICE -- 01

          EMPLOYEE NAME       BONUS

          TERRITORY -- 01

          ASHLEY
                                        BONUS  REPORT       PAGE 57   07/24/2013          TERRITORY -- 01

                    OFFICE -- 01

          EMPLOYEE NAME       BONUS

          TERRITORY -- 01


                                        BONUS  REPORT       PAGE 58   07/24/2013          TERRITORY -- 01

                    OFFICE -- 01

          EMPLOYEE NAME       BONUS

          TERRITORY -- 01

          BUTTERFIELD
                                        BONUS  REPORT       PAGE 59   07/24/2013          TERRITORY -- 01

                    OFFICE -- 01

          EMPLOYEE NAME       BONUS

          TERRITORY -- 01


                                        BONUS  REPORT       PAGE 60   07/24/2013          TERRITORY -- 01

                    OFFICE -- 01

          EMPLOYEE NAME       BONUS

          TERRITORY -- 01

          CALIOPIS
                                        BONUS  REPORT       PAGE 61   07/24/2013          TERRITORY -- 01

                    OFFICE -- 01

          EMPLOYEE NAME       BONUS

          TERRITORY -- 01


                                        BONUS  REPORT       PAGE 62   07/24/2013          TERRITORY -- 01

                    OFFICE -- 01

          EMPLOYEE NAME       BONUS

          TERRITORY -- 01

          DESEREY
                                        BONUS  REPORT       PAGE 63   07/24/2013          TERRITORY -- 01

                    OFFICE -- 01

          EMPLOYEE NAME       BONUS

          TERRITORY -- 01


                                        BONUS  REPORT       PAGE 64   07/24/2013          TERRITORY -- 01

                    OFFICE -- 01

          EMPLOYEE NAME       BONUS

          TERRITORY -- 01

          FIELDSON
                                        BONUS  REPORT       PAGE 65   07/24/2013          TERRITORY -- 01

                    OFFICE -- 01

          EMPLOYEE NAME       BONUS

          TERRITORY -- 01


                                        BONUS  REPORT       PAGE 66   07/24/2013          TERRITORY -- 01

                    OFFICE -- 01

          EMPLOYEE NAME       BONUS

          TERRITORY -- 01

          GALAGHER
                                        BONUS  REPORT       PAGE 67   07/24/2013          TERRITORY -- 01

                    OFFICE -- 01

          EMPLOYEE NAME       BONUS

          TERRITORY -- 01


                                        BONUS  REPORT       PAGE 68   07/24/2013          TERRITORY -- 01

                    OFFICE -- 01

          EMPLOYEE NAME       BONUS

          TERRITORY -- 01

          HOUSTONS
                                        BONUS  REPORT       PAGE 69   07/24/2013          TERRITORY -- 01

                    OFFICE -- 01

          EMPLOYEE NAME       BONUS

          TERRITORY -- 01


                                        BONUS  REPORT       PAGE 70   07/24/2013          TERRITORY -- 01

                    OFFICE -- 01

          EMPLOYEE NAME       BONUS

          TERRITORY -- 01

          JACKSON             $ 8,700.00
                                        BONUS  REPORT       PAGE 71   07/24/2013          TERRITORY -- 01

                    OFFICE -- 01

          EMPLOYEE NAME       BONUS

          TERRITORY -- 01


                                        BONUS  REPORT       PAGE 72   07/24/2013          TERRITORY -- 01

                    OFFICE -- 01

          EMPLOYEE NAME       BONUS

          TERRITORY -- 01

          KENDERSON           $ 3,600.00
                                        BONUS  REPORT       PAGE 73   07/24/2013          TERRITORY -- 01

                    OFFICE -- 01

          EMPLOYEE NAME       BONUS

          TERRITORY -- 01


                                        BONUS  REPORT       PAGE 74   07/24/2013          TERRITORY -- 01

                    OFFICE -- 01

          EMPLOYEE NAME       BONUS

          TERRITORY -- 01

          LIPSTERS
                                        BONUS  REPORT       PAGE 75   07/24/2013          TERRITORY -- 01

                    OFFICE -- 01

          EMPLOYEE NAME       BONUS

          TERRITORY -- 01


                                        BONUS  REPORT       PAGE 76   07/24/2013          TERRITORY -- 01

                    OFFICE -- 01

          EMPLOYEE NAME       BONUS

          TERRITORY -- 01

          MANATARIS
                                        BONUS  REPORT       PAGE 77   07/24/2013          TERRITORY -- 01

                    OFFICE -- 01

          EMPLOYEE NAME       BONUS

          TERRITORY -- 01


                                        BONUS  REPORT       PAGE 78   07/24/2013          TERRITORY -- 01

                    OFFICE -- 01

          EMPLOYEE NAME       BONUS

          TERRITORY -- 01

          NICHOLSON
                                        BONUS  REPORT       PAGE 79   07/24/2013          TERRITORY -- 01

                    OFFICE -- 01

          EMPLOYEE NAME       BONUS

          TERRITORY -- 01


                                        BONUS  REPORT       PAGE 80   07/24/2013          TERRITORY -- 01

                    OFFICE -- 01

          EMPLOYEE NAME       BONUS

          TERRITORY -- 01

          OBERTON             $ 7,500.00
                                        BONUS  REPORT       PAGE 81   07/24/2013          TERRITORY -- 01

                    OFFICE -- 01

          EMPLOYEE NAME       BONUS

          TERRITORY -- 01


                                        BONUS  REPORT       PAGE 82   07/24/2013          TERRITORY -- 01

                    OFFICE -- 01

          EMPLOYEE NAME       BONUS

          TERRITORY -- 01

          PETERS
                                        BONUS  REPORT       PAGE 83   07/24/2013          TERRITORY -- 01

                    OFFICE -- 01

          EMPLOYEE NAME       BONUS

          TERRITORY -- 01


                                        BONUS  REPORT       PAGE 84   07/24/2013          TERRITORY -- 01

                    OFFICE -- 01

          EMPLOYEE NAME       BONUS

          TERRITORY -- 01

          ROBERTS
                                        BONUS  REPORT       PAGE 85   07/24/2013          TERRITORY -- 01

                    OFFICE -- 01

          EMPLOYEE NAME       BONUS

          TERRITORY -- 01


                                        BONUS  REPORT       PAGE 86   07/24/2013          TERRITORY -- 01

                    OFFICE -- 01

          EMPLOYEE NAME       BONUS

          TERRITORY -- 01

          SERGIS              $ 8,700.00
                                        BONUS  REPORT       PAGE 87   07/24/2013          TERRITORY -- 01

                    OFFICE -- 01

          EMPLOYEE NAME       BONUS

          TERRITORY -- 01


                                        BONUS  REPORT       PAGE 88   07/24/2013          TERRITORY -- 01

                    OFFICE -- 01

          EMPLOYEE NAME       BONUS

          TERRITORY -- 01

          TUCKERSON
                                        BONUS  REPORT       PAGE 89   07/24/2013          TERRITORY -- 01

                    OFFICE -- 01

          EMPLOYEE NAME       BONUS

          TERRITORY -- 01


                                        BONUS  REPORT       PAGE 90   07/24/2013          TERRITORY -- 01

                    OFFICE -- 01

          EMPLOYEE NAME       BONUS

          TERRITORY -- 01

          VRICOLICSON
                                        BONUS  REPORT       PAGE 91   07/24/2013          TERRITORY -- 01

                    OFFICE -- 01

          EMPLOYEE NAME       BONUS

          TERRITORY -- 01


                                        BONUS  REPORT       PAGE 92   07/24/2013          TERRITORY -- 01

                    OFFICE -- 01

          EMPLOYEE NAME       BONUS

          TERRITORY -- 01

          MACALUSO
                                        BONUS  REPORT       PAGE 93   07/24/2013          TERRITORY -- 01

                    OFFICE -- 01

          EMPLOYEE NAME       BONUS

          TERRITORY -- 01


                                        BONUS  REPORT       PAGE 94   07/24/2013          TERRITORY -- 01

                    OFFICE -- 01

          EMPLOYEE NAME       BONUS

          TERRITORY -- 01

          KORNS               $ 6,000.00
                                        BONUS  REPORT       PAGE 95   07/24/2013          TERRITORY -- 01

                    OFFICE -- 01

          EMPLOYEE NAME       BONUS

          TERRITORY -- 01


                                        BONUS  REPORT       PAGE 96   07/24/2013          TERRITORY -- 01

                    OFFICE -- 01

          EMPLOYEE NAME       BONUS

          TERRITORY -- 01

          OKINS               $ 7,560.00
                                        BONUS  REPORT       PAGE 97   07/24/2013          TERRITORY -- 01

                    OFFICE -- 01

          EMPLOYEE NAME       BONUS

          TERRITORY -- 01


                                        BONUS  REPORT       PAGE 98   07/24/2013          TERRITORY -- 01

                    OFFICE -- 01

          EMPLOYEE NAME       BONUS

          TERRITORY -- 01

          FRIEDMAN            $ 8,950.00
                                        BONUS  REPORT       PAGE 99   07/24/2013          TERRITORY -- 01

                    OFFICE -- 01

          EMPLOYEE NAME       BONUS

          TERRITORY -- 01


                                        BONUS  REPORT       PAGE 00   07/24/2013          TERRITORY -- 01

                    OFFICE -- 01

          EMPLOYEE NAME       BONUS

          TERRITORY -- 01

          SANTOS              $ 4,710.00
                                        BONUS  REPORT       PAGE 01   07/24/2013          TERRITORY -- 01

                    OFFICE -- 01

          EMPLOYEE NAME       BONUS

          TERRITORY -- 01


